
> vazon@0.0.1 build
> vite build

[36mvite v4.5.14 [32mbuilding for production...[36m[39m
transforming...
[32m✓[39m 69 modules transformed.
rendering chunks...
computing gzip size...
[2mdist/[22m[32mindex.html                 [39m[1m[2m  0.45 kB[22m[1m[22m[2m │ gzip:  0.33 kB[22m
[2mdist/[22m[35massets/index-0f6de9f7.css  [39m[1m[2m 45.42 kB[22m[1m[22m[2m │ gzip:  7.79 kB[22m
[2mdist/[22m[36massets/index-472e7f07.js   [39m[1m[2m240.36 kB[22m[1m[22m[2m │ gzip: 62.83 kB[22m
[32m✓ built in 3.24s[39m
