
> vazon@0.0.1 start
> concurrently "npm run dev" "npm run server"

(node:6396) [DEP0060] DeprecationWarning: The `util._extend` API is deprecated. Please use Object.assign() instead.
(Use `node --trace-deprecation ...` to show where the warning was created)
[0] 
[0] > vazon@0.0.1 dev
[0] > vite
[0] 
[1] 
[1] > vazon@0.0.1 server
[1] > node server/index.js
[1] 
[1] node:events:486
[1]       throw er; // Unhandled 'error' event
[1]       ^
[1] 
[1] Error: listen EADDRINUSE: address already in use :::3004
[1]     at Server.setupListenHandle [as _listen2] (node:net:1940:16)
[1]     at listenInCluster (node:net:1997:12)
[1]     at Server.listen (node:net:2102:7)
[1]     at app.listen (C:\Users\Администратор\OneDrive\Документи\GitHub\vazon\node_modules\express\lib\application.js:635:24)
[1]     at file:///C:/Users/%D0%90%D0%B4%D0%BC%D0%B8%D0%BD%D0%B8%D1%81%D1%82%D1%80%D0%B0%D1%82%D0%BE%D1%80/OneDrive/%D0%94%D0%BE%D0%BA%D1%83%D0%BC%D0%B5%D0%BD%D1%82%D0%B8/GitHub/vazon/server/index.js:41:5
[1]     at ModuleJob.run (node:internal/modules/esm/module_job:377:25)
[1]     at async onImport.tracePromise.__proto__ (node:internal/modules/esm/loader:691:26)
[1]     at async asyncRunEntryPointWithESMLoader (node:internal/modules/run_main:101:5)
[1] Emitted 'error' event on Server instance at:
[1]     at emitErrorNT (node:net:1976:8)
[1]     at process.processTicksAndRejections (node:internal/process/task_queues:90:21) {
[1]   code: 'EADDRINUSE',
[1]   errno: -4091,
[1]   syscall: 'listen',
[1]   address: '::',
[1]   port: 3004
[1] }
[1] 
[1] Node.js v24.11.0
[1] npm run server exited with code 1
[0] Port 3000 is in use, trying another one...
[0] 
[0]   [32m[1mVITE[22m v4.5.14[39m  [2mready in [0m[1m4293[22m[2m[0m ms[22m
[0] 
[0]   [32m➜[39m  [1mLocal[22m:   [36mhttp://localhost:[1m3001[22m/[39m
[0] [2m  [32m➜[39m  [1mNetwork[22m[2m: use [22m[1m--host[22m[2m to expose[22m
